# Orchestration Complex 3 - RAG + Exchange + Math
# conversationId=2387741e-b9e6-4bbd-a3fe-c08c3d7d0093
# userInput: "Find the price of Laptop Pro, convert that USD price to ILS, then multiply the final ILS amount by 2"
# Flow: getProductInformation -> getExchangeRate -> calculateMath

router-1                | [2026-04-26T23:36:46.029+03:00] [Router] Received user query for conversation 2387741e-b9e6-4bbd-a3fe-c08c3d7d0093
router-1                | [2026-04-26T23:37:18.607+03:00] [Router] Raw generated plan: {
router-1                |   "plan": [
router-1                |     { "step": 1, "tool": "getProductInformation", "parameters": { "query": "price of Laptop Pro" } },
router-1                |     { "step": 2, "tool": "getExchangeRate", "parameters": { "from": "USD", "to": "ILS" } },
router-1                |     { "step": 3, "tool": "calculateMath", "parameters": { "expression": "{{steps.1.result.price}} * {{steps.2.result.rate}} * 2" } }
router-1                |   ],
router-1                |   "final_answer_synthesis_required": true
router-1                | }
router-1                | [2026-04-26T23:37:18.607+03:00] [Router] Generated plan with 3 step(s)
router-1                | [2026-04-26T23:37:18.630+03:00] [Router] Published PlanGenerated for conversation 2387741e-b9e6-4bbd-a3fe-c08c3d7d0093
orchestrator-1          | [2026-04-26T23:37:18.681+03:00] [Orchestrator] Initialized state for conversation 2387741e-b9e6-4bbd-a3fe-c08c3d7d0093
orchestrator-1          | [2026-04-26T23:37:18.730+03:00] [Orchestrator] Dispatching step 1 -> getProductInformation
orchestrator-1          | [2026-04-26T23:37:18.730+03:00] [Orchestrator] Dispatched step 1 (getProductInformation). Plan has 3 steps. Waiting for ToolInvocationResulted (completed: 0/3).
rag-worker-1            | 2026-04-26T23:37:18.940+03:00 [RAG Worker] Received ToolInvocationRequested conversationId=2387741e-b9e6-4bbd-a3fe-c08c3d7d0093 step=1 tool=getProductInformation
rag-worker-1            | 2026-04-26T23:37:26.783+03:00 [RAG Worker] Published ToolInvocationResulted conversationId=2387741e-b9e6-4bbd-a3fe-c08c3d7d0093 step=1 tool=getProductInformation
orchestrator-1          | [2026-04-26T23:37:26.883+03:00] [Orchestrator] Dispatching step 2 -> getExchangeRate
exchange-rate-worker-1  | [2026-04-26T23:37:26.819+03:00] [Exchange Worker] Received ToolInvocationRequested conversationId=2387741e-b9e6-4bbd-a3fe-c08c3d7d0093 step=2 tool=getExchangeRate
exchange-rate-worker-1  | [2026-04-26T23:37:26.844+03:00] [Exchange Worker] Published ToolInvocationResulted conversationId=2387741e-b9e6-4bbd-a3fe-c08c3d7d0093 step=2 tool=getExchangeRate
orchestrator-1          | [2026-04-26T23:37:27.165+03:00] [Orchestrator] Dispatching step 3 -> calculateMath
math-worker-1           | [2026-04-26T23:37:27.144+03:00] [Math Worker] Received ToolInvocationRequested conversationId=2387741e-b9e6-4bbd-a3fe-c08c3d7d0093 step=3 tool=calculateMath
math-worker-1           | [2026-04-26T23:37:27.191+03:00] [Math Worker] Published ToolInvocationResulted conversationId=2387741e-b9e6-4bbd-a3fe-c08c3d7d0093 step=3 tool=calculateMath
orchestrator-1          | [2026-04-26T23:37:27.361+03:00] [Orchestrator] Plan completed for conversation 2387741e-b9e6-4bbd-a3fe-c08c3d7d0093
synthesis-worker-1      | [2026-04-26T23:37:27.424+03:00] [Synthesis Worker] incoming planResults: {
synthesis-worker-1      |   "1": { "price": "Starting at $1,499", "value": 1499, "metadata": { "answer_type": "focused_field", "field": "price" } },
synthesis-worker-1      |   "2": { "from": "USD", "to": "ILS", "rate": 3.7 },
synthesis-worker-1      |   "3": { "expression": "1499 * 3.7 * 2", "value": 11092.6 }
synthesis-worker-1      | }
synthesis-worker-1      | [2026-04-26T23:37:28.548+03:00] [Synthesis Worker] finalAnswer: The price of the Laptop Pro starts at $1,499. When converted to Israeli Shekels (ILS), that amount is approximately ₪11,092.
