# Orchestration Complex 2 - Weather + Exchange + Math
# conversationId=8d2e1a81-5dca-40bd-9d9f-5e745092e394
# userInput: "Get the current weather in London, then convert 20 USD to ILS, then add the converted value to 100"
# Flow: getWeather -> getExchangeRate -> calculateMath

router-1  | [2026-04-27T00:14:34.221+03:00] [Router] Raw generated plan: { "plan":[{"step":1,"tool":"getWeather","parameters":{"location":"London"}},{"step":2,"tool":"getExchangeRate","parameters":{"from":"USD","to":"ILS"}},{"step":3,"tool":"calculateMath","parameters":{"expression":"100 + (20 * {{steps.2.result.rate}})"}}], "final_answer_synthesis_required": true }
router-1  | [2026-04-27T00:14:34.222+03:00] [Router] Generated plan with 3 step(s)
router-1  | [2026-04-27T00:14:34.235+03:00] [Router] Published PlanGenerated for conversation 8d2e1a81-5dca-40bd-9d9f-5e745092e394
orchestrator-1  | [2026-04-27T00:14:34.334+03:00] [Orchestrator] Initialized state for conversation 8d2e1a81-5dca-40bd-9d9f-5e745092e394
orchestrator-1  | [2026-04-27T00:14:35.639+03:00] [Orchestrator] Applying result to plan state for conversation 8d2e1a81-5dca-40bd-9d9f-5e745092e394 (step 1, completed so far: 0/3).
orchestrator-1  | [2026-04-27T00:14:35.782+03:00] [Orchestrator] Applying result to plan state for conversation 8d2e1a81-5dca-40bd-9d9f-5e745092e394 (step 2, completed so far: 1/3).
orchestrator-1  | [2026-04-27T00:14:35.979+03:00] [Orchestrator] Applying result to plan state for conversation 8d2e1a81-5dca-40bd-9d9f-5e745092e394 (step 3, completed so far: 2/3).
orchestrator-1  | [2026-04-27T00:14:35.995+03:00] [Orchestrator] Plan completed for conversation 8d2e1a81-5dca-40bd-9d9f-5e745092e394
weather-worker-1  | [2026-04-27T00:14:34.412+03:00] [Weather Worker] Received ToolInvocationRequested conversationId=8d2e1a81-5dca-40bd-9d9f-5e745092e394 step=1 tool=getWeather
weather-worker-1  | [2026-04-27T00:14:35.639+03:00] [Weather Worker] Published ToolInvocationResulted conversationId=8d2e1a81-5dca-40bd-9d9f-5e745092e394 step=1 tool=getWeather
exchange-rate-worker-1  | [2026-04-27T00:14:35.717+03:00] [Exchange Worker] Received ToolInvocationRequested conversationId=8d2e1a81-5dca-40bd-9d9f-5e745092e394 step=2 tool=getExchangeRate
exchange-rate-worker-1  | [2026-04-27T00:14:35.753+03:00] [Exchange Worker] Published ToolInvocationResulted conversationId=8d2e1a81-5dca-40bd-9d9f-5e745092e394 step=2 tool=getExchangeRate
math-worker-1  | [2026-04-27T00:14:35.881+03:00] [Math Worker] Received ToolInvocationRequested conversationId=8d2e1a81-5dca-40bd-9d9f-5e745092e394 step=3 tool=calculateMath
math-worker-1  | [2026-04-27T00:14:35.991+03:00] [Math Worker] Published ToolInvocationResulted conversationId=8d2e1a81-5dca-40bd-9d9f-5e745092e394 step=3 tool=calculateMath
synthesis-worker-1  | [2026-04-27T00:14:36.092+03:00] [Synthesis Worker] Received synthesis request for 8d2e1a81-5dca-40bd-9d9f-5e745092e394
synthesis-worker-1  | [2026-04-27T00:14:36.124+03:00] [Synthesis Worker] incoming planResults: { "1":{"location":"London","forecast":"12.4°C"}, "2":{"from":"USD","to":"ILS","rate":3.7}, "3":{"expression":"100 + (20 * 3.7)","value":174} }
synthesis-worker-1  | [2026-04-27T00:14:38.008+03:00] [Synthesis Worker] finalAnswer: The current temperature in London is 12.4°C. The USD->ILS rate is 3.7, and the computed result is 174 ILS.
