# RAG Scenario 1 - Catalog retrieval (available products)
# conversationId=2e21ce84-c39f-4035-9b4d-aecd2d0bfce4
# userInput: "What products do you have?"
# Result type: catalog list from getProductInformation

router-1                | [2026-04-26T23:38:25.340+03:00] [Router] Received user query for conversation 2e21ce84-c39f-4035-9b4d-aecd2d0bfce4
router-1                | [2026-04-26T23:38:57.293+03:00] [Router] Raw generated plan: {
router-1                |   "plan": [
router-1                |     { "step": 1, "tool": "getProductInformation", "parameters": { "query": "what products do you have" } }
router-1                |   ],
router-1                |   "final_answer_synthesis_required": false
router-1                | }
router-1                | [2026-04-26T23:38:57.295+03:00] [Router] Generated plan with 1 step(s)
router-1                | [2026-04-26T23:38:57.308+03:00] [Router] Published PlanGenerated for conversation 2e21ce84-c39f-4035-9b4d-aecd2d0bfce4
orchestrator-1          | [2026-04-26T23:38:57.339+03:00] [Orchestrator] Initialized state for conversation 2e21ce84-c39f-4035-9b4d-aecd2d0bfce4
rag-worker-1            | 2026-04-26T23:38:57.399+03:00 [RAG Worker] Received ToolInvocationRequested conversationId=2e21ce84-c39f-4035-9b4d-aecd2d0bfce4 step=1 tool=getProductInformation
rag-worker-1            | 2026-04-26T23:38:57.659+03:00 [RAG Worker] Published ToolInvocationResulted conversationId=2e21ce84-c39f-4035-9b4d-aecd2d0bfce4 step=1 tool=getProductInformation
orchestrator-1          | [2026-04-26T23:38:57.687+03:00] [Orchestrator] Plan completed for conversation 2e21ce84-c39f-4035-9b4d-aecd2d0bfce4
synthesis-worker-1      | [2026-04-26T23:38:57.720+03:00] [Synthesis Worker] incoming planResults: {
synthesis-worker-1      |     "retrieved_context": "Available products:\n- Gaming Mouse G7\n- Laptop Pro\n- Smart Watch S5\n- Wireless Headphones X2",
synthesis-worker-1      |       "answer_type": "catalog",
synthesis-worker-1      | [2026-04-26T23:38:59.022+03:00] [Synthesis Worker] finalAnswer: We have the following products available for you:
synthesis-worker-1      | - Gaming Mouse G7
synthesis-worker-1      | - Laptop Pro
synthesis-worker-1      | - Smart Watch S5
synthesis-worker-1      | - Wireless Headphones X2
