# RAG Scenario 2 - Product prices (simple stable query)
# conversationId=11fff87c-155b-43c0-88a1-30eb9383d050
# userInput: "what are the prices of all products?"
# Flow observed: getProductInformation (RAG) -> synthesis

router-1  | [2026-04-26T23:56:17.535+03:00] [Router] Received user query for conversation 11fff87c-155b-43c0-88a1-30eb9383d050
router-1  | [2026-04-26T23:56:50.219+03:00] [Router] Raw generated plan: { "plan":[{"step":1,"tool":"getProductInformation","parameters":{"query":"prices of all products"}}], "final_answer_synthesis_required": false }
router-1  | [2026-04-26T23:56:50.221+03:00] [Router] Generated plan with 1 step(s)
router-1  | [2026-04-26T23:56:50.490+03:00] [Router] Published PlanGenerated for conversation 11fff87c-155b-43c0-88a1-30eb9383d050
orchestrator-1  | [2026-04-26T23:56:50.555+03:00] [Orchestrator] Initialized state for conversation 11fff87c-155b-43c0-88a1-30eb9383d050
rag-worker-1  | 2026-04-26T23:56:50.916+03:00 [RAG Worker] Received ToolInvocationRequested conversationId=11fff87c-155b-43c0-88a1-30eb9383d050 step=1 tool=getProductInformation
rag-worker-1  | 2026-04-26T23:56:51.057+03:00 [RAG Worker] Published ToolInvocationResulted conversationId=11fff87c-155b-43c0-88a1-30eb9383d050 step=1 tool=getProductInformation
orchestrator-1  | [2026-04-26T23:56:51.203+03:00] [Orchestrator] Plan completed for conversation 11fff87c-155b-43c0-88a1-30eb9383d050
synthesis-worker-1  | [2026-04-26T23:56:51.255+03:00] [Synthesis Worker] Received synthesis request for 11fff87c-155b-43c0-88a1-30eb9383d050
synthesis-worker-1  | [2026-04-26T23:56:51.256+03:00] [Synthesis Worker] incoming planResults: {
synthesis-worker-1  |   "1": {
synthesis-worker-1  |     "retrieved_context": "Available product price:\n- Gaming Mouse G7: $79\n- Laptop Pro: Starting at $1,499\n- Smart Watch S5: $199\n- Wireless Headphones X2: $249",
synthesis-worker-1  |     "metadata": {
synthesis-worker-1  |       "answer_type": "catalog_field",
synthesis-worker-1  |       "field": "price",
synthesis-worker-1  |       "source": "local-files-fallback"
synthesis-worker-1  |     },
synthesis-worker-1  |     "query": "prices of all products",
synthesis-worker-1  |     "items": [
synthesis-worker-1  |       { "title": "Gaming Mouse G7", "value": 79 },
synthesis-worker-1  |       { "title": "Laptop Pro", "value": 1499 },
synthesis-worker-1  |       { "title": "Smart Watch S5", "value": 199 },
synthesis-worker-1  |       { "title": "Wireless Headphones X2", "value": 249 }
synthesis-worker-1  |     ]
synthesis-worker-1  |   }
synthesis-worker-1  | }
synthesis-worker-1  | [2026-04-26T23:56:53.283+03:00] [Synthesis Worker] finalAnswer: Here are the prices for all available products:
synthesis-worker-1  | - Gaming Mouse G7: $79
synthesis-worker-1  | - Laptop Pro: Starting at $1,499
synthesis-worker-1  | - Smart Watch S5: $199
synthesis-worker-1  | - Wireless Headphones X2: $249
synthesis-worker-1  | The total cost for all products combined is $2,026.
